2026-06-07 14:32:03,746 | ODIL-C-C | INFO | info | [GPU Monitor] GPU performance monitoring enabled
2026-06-07 14:32:03,918 | ODIL-C-C | INFO | info | [Spline] Using B_SPLINE spline (boundary=NATURAL) [degree=7]
2026-06-07 14:32:03,919 | ODIL-C-C | INFO | optimization_start | ============================================================
2026-06-07 14:32:03,919 | ODIL-C-C | INFO | optimization_start | Starting linear solving
2026-06-07 14:32:03,920 | ODIL-C-C | INFO | optimization_start | Boundary condition: C-C | Number of nodes: 15 | Optimizer: levenberg-marquardt
2026-06-07 14:32:03,920 | ODIL-C-C | INFO | optimization_start | Constraint type: hard constraint
2026-06-07 14:32:03,920 | ODIL-C-C | INFO | optimization_start | ============================================================
2026-06-07 14:32:03,920 | ODIL-C-C | INFO | info | [Levenberg-Marquardt] Starting optimization...
2026-06-07 14:32:03,920 | ODIL-C-C | INFO | info | [Params] max_iter: 150, tol: 1.00e-08, initial damping: 1.00e-03
2026-06-07 14:32:03,939 | ODIL-C-C | INFO | iteration | Iter     0 | Loss: 1.888e+04  | Grad: 1.00e-03
2026-06-07 14:32:04,163 | ODIL-C-C | INFO | convergence | ------------------------------------------------------------
2026-06-07 14:32:04,163 | ODIL-C-C | INFO | convergence | Optimization converged: gradient converged
2026-06-07 14:32:04,163 | ODIL-C-C | INFO | convergence | Final loss: 9.250e-15
2026-06-07 14:32:04,163 | ODIL-C-C | INFO | convergence | Total iterations: 3
2026-06-07 14:32:04,163 | ODIL-C-C | INFO | convergence | Elapsed time: 0.24 s
2026-06-07 14:32:04,163 | ODIL-C-C | INFO | convergence | ============================================================
2026-06-07 14:32:04,247 | ODIL-C-C | INFO | optimization_start | ============================================================
2026-06-07 14:32:04,247 | ODIL-C-C | INFO | optimization_start | Starting nonlinear solving
2026-06-07 14:32:04,247 | ODIL-C-C | INFO | optimization_start | Boundary condition: C-C | Number of nodes: 15 | Optimizer: levenberg-marquardt
2026-06-07 14:32:04,247 | ODIL-C-C | INFO | optimization_start | Constraint type: hard constraint
2026-06-07 14:32:04,247 | ODIL-C-C | INFO | optimization_start | ============================================================
2026-06-07 14:32:04,247 | ODIL-C-C | INFO | info | [Levenberg-Marquardt] Starting optimization...
2026-06-07 14:32:04,247 | ODIL-C-C | INFO | info | [Params] max_iter: 300, tol: 1.00e-08, initial damping: 1.00e-03
2026-06-07 14:32:04,249 | ODIL-C-C | INFO | iteration | Iter     0 | Loss: 1.260e+00 ↓ | Grad: 1.00e-03
2026-06-07 14:32:04,273 | ODIL-C-C | INFO | convergence | ------------------------------------------------------------
2026-06-07 14:32:04,273 | ODIL-C-C | INFO | convergence | Optimization converged: residual converged
2026-06-07 14:32:04,273 | ODIL-C-C | INFO | convergence | Final loss: 1.641e-22
2026-06-07 14:32:04,274 | ODIL-C-C | INFO | convergence | Total iterations: 4
2026-06-07 14:32:04,274 | ODIL-C-C | INFO | convergence | Elapsed time: 0.03 s
2026-06-07 14:32:04,274 | ODIL-C-C | INFO | convergence | ============================================================
2026-06-07 14:32:04,361 | ODIL-C-C | INFO | optimization_start | ============================================================
2026-06-07 14:32:04,361 | ODIL-C-C | INFO | optimization_start | Starting nonlinear solving
2026-06-07 14:32:04,361 | ODIL-C-C | INFO | optimization_start | Boundary condition: C-C | Number of nodes: 15 | Optimizer: levenberg-marquardt
2026-06-07 14:32:04,361 | ODIL-C-C | INFO | optimization_start | Constraint type: hard constraint
2026-06-07 14:32:04,362 | ODIL-C-C | INFO | optimization_start | ============================================================
2026-06-07 14:32:04,362 | ODIL-C-C | INFO | info | [Levenberg-Marquardt] Starting optimization...
2026-06-07 14:32:04,362 | ODIL-C-C | INFO | info | [Params] max_iter: 300, tol: 1.00e-08, initial damping: 1.00e-03
2026-06-07 14:32:04,363 | ODIL-C-C | INFO | iteration | Iter     0 | Loss: 1.260e+00 → | Grad: 1.00e-03
2026-06-07 14:32:04,387 | ODIL-C-C | INFO | convergence | ------------------------------------------------------------
2026-06-07 14:32:04,387 | ODIL-C-C | INFO | convergence | Optimization converged: residual converged
2026-06-07 14:32:04,387 | ODIL-C-C | INFO | convergence | Final loss: 1.641e-22
2026-06-07 14:32:04,388 | ODIL-C-C | INFO | convergence | Total iterations: 4
2026-06-07 14:32:04,388 | ODIL-C-C | INFO | convergence | Elapsed time: 0.03 s
2026-06-07 14:32:04,388 | ODIL-C-C | INFO | convergence | ============================================================
2026-06-07 14:32:04,471 | ODIL-C-C | INFO | optimization_start | ============================================================
2026-06-07 14:32:04,471 | ODIL-C-C | INFO | optimization_start | Starting nonlinear solving
2026-06-07 14:32:04,471 | ODIL-C-C | INFO | optimization_start | Boundary condition: C-C | Number of nodes: 15 | Optimizer: levenberg-marquardt
2026-06-07 14:32:04,471 | ODIL-C-C | INFO | optimization_start | Constraint type: hard constraint
2026-06-07 14:32:04,471 | ODIL-C-C | INFO | optimization_start | ============================================================
2026-06-07 14:32:04,471 | ODIL-C-C | INFO | info | [Levenberg-Marquardt] Starting optimization...
2026-06-07 14:32:04,471 | ODIL-C-C | INFO | info | [Params] max_iter: 300, tol: 1.00e-08, initial damping: 1.00e-03
2026-06-07 14:32:04,473 | ODIL-C-C | INFO | iteration | Iter     0 | Loss: 1.260e+00 → | Grad: 1.00e-03
2026-06-07 14:32:04,498 | ODIL-C-C | INFO | convergence | ------------------------------------------------------------
2026-06-07 14:32:04,498 | ODIL-C-C | INFO | convergence | Optimization converged: residual converged
2026-06-07 14:32:04,498 | ODIL-C-C | INFO | convergence | Final loss: 1.641e-22
2026-06-07 14:32:04,498 | ODIL-C-C | INFO | convergence | Total iterations: 4
2026-06-07 14:32:04,498 | ODIL-C-C | INFO | convergence | Elapsed time: 0.03 s
2026-06-07 14:32:04,498 | ODIL-C-C | INFO | convergence | ============================================================
